// Jest Snapshot v1, https://goo.gl/fbAQLP

exports[`Custom LLMs Instances Workflows Using OpenAI Intance initializes the team successfully 1`] = `
{
  "agents": [
    {
      "agentInstance": {
        "background": "Data Processor",
        "env": "[REDACTED]",
        "forceFinalAnswer": true,
        "goal": "Extract structured information from conversational user input.",
        "id": "[REDACTED]",
        "interactionsHistory": {
          "id": [
            "langchain",
            "stores",
            "message",
            "in_memory",
            "InMemoryChatMessageHistory",
          ],
          "lc": 1,
          "type": "not_implemented",
        },
        "llmConfig": {
          "apiKey": "[REDACTED]",
          "callbacks": undefined,
          "maxRetries": 1,
          "model": "gpt-4o-mini",
          "provider": "openai",
        },
        "llmInstance": {
          "id": [
            "langchain",
            "chat_models",
            "openai",
            "ChatOpenAI",
          ],
          "kwargs": {
            "callbacks": undefined,
            "max_retries": 1,
            "model": "gpt-4o-mini",
            "openai_api_key": {
              "id": [
                "OPENAI_API_KEY",
              ],
              "lc": 1,
              "type": "secret",
            },
            "verbose": undefined,
          },
          "lc": 1,
          "type": "constructor",
        },
        "llmSystemMessage": null,
        "maxIterations": 10,
        "name": "Mary",
        "promptTemplates": {
          "FORCE_FINAL_ANSWER_FEEDBACK": [Function],
          "INITIAL_MESSAGE": [Function],
          "INVALID_JSON_FEEDBACK": [Function],
          "INVALID_OUTPUT_SCHEMA_FEEDBACK": [Function],
          "OBSERVATION_FEEDBACK": [Function],
          "SELF_QUESTION_FEEDBACK": [Function],
          "SYSTEM_MESSAGE": [Function],
          "THOUGHT_FEEDBACK": [Function],
          "THOUGHT_WITH_SELF_QUESTION_FEEDBACK": [Function],
          "TOOL_ERROR_FEEDBACK": [Function],
          "TOOL_NOT_EXIST_FEEDBACK": [Function],
          "TOOL_RESULT_FEEDBACK": [Function],
          "WEIRD_OUTPUT_FEEDBACK": [Function],
          "WORK_ON_FEEDBACK_FEEDBACK": [Function],
        },
        "role": "Profile Analyst",
        "status": "INITIAL",
        "store": [Function],
        "tools": [],
      },
      "env": "[REDACTED]",
      "id": "[REDACTED]",
      "llmConfig": {
        "apiKey": "[REDACTED]",
        "callbacks": undefined,
        "maxRetries": 1,
        "model": "gpt-4o-mini",
        "provider": "openai",
      },
      "type": "ReactChampionAgent",
    },
    {
      "agentInstance": {
        "background": "Extensive experience in recruiting, 
    copywriting, and human resources, enabling 
    effective resume design that stands out to employers.",
        "env": "[REDACTED]",
        "forceFinalAnswer": true,
        "goal": "Craft compelling, well-structured resumes 
    that effectively showcase job seekers qualifications and achievements.",
        "id": "[REDACTED]",
        "interactionsHistory": {
          "id": [
            "langchain",
            "stores",
            "message",
            "in_memory",
            "InMemoryChatMessageHistory",
          ],
          "lc": 1,
          "type": "not_implemented",
        },
        "llmConfig": {
          "apiKey": "[REDACTED]",
          "callbacks": undefined,
          "model": "gpt-4o-mini",
          "provider": "openai",
        },
        "llmInstance": {
          "id": [
            "langchain",
            "chat_models",
            "openai",
            "ChatOpenAI",
          ],
          "kwargs": {
            "callbacks": undefined,
            "model": "gpt-4o-mini",
            "openai_api_key": {
              "id": [
                "OPENAI_API_KEY",
              ],
              "lc": 1,
              "type": "secret",
            },
            "verbose": undefined,
          },
          "lc": 1,
          "type": "constructor",
        },
        "llmSystemMessage": null,
        "maxIterations": 10,
        "name": "Alex Mercer",
        "promptTemplates": {
          "FORCE_FINAL_ANSWER_FEEDBACK": [Function],
          "INITIAL_MESSAGE": [Function],
          "INVALID_JSON_FEEDBACK": [Function],
          "INVALID_OUTPUT_SCHEMA_FEEDBACK": [Function],
          "OBSERVATION_FEEDBACK": [Function],
          "SELF_QUESTION_FEEDBACK": [Function],
          "SYSTEM_MESSAGE": [Function],
          "THOUGHT_FEEDBACK": [Function],
          "THOUGHT_WITH_SELF_QUESTION_FEEDBACK": [Function],
          "TOOL_ERROR_FEEDBACK": [Function],
          "TOOL_NOT_EXIST_FEEDBACK": [Function],
          "TOOL_RESULT_FEEDBACK": [Function],
          "WEIRD_OUTPUT_FEEDBACK": [Function],
          "WORK_ON_FEEDBACK_FEEDBACK": [Function],
        },
        "role": "Resume Writer",
        "status": "INITIAL",
        "store": [Function],
        "tools": [],
      },
      "env": "[REDACTED]",
      "id": "[REDACTED]",
      "llmConfig": {
        "apiKey": "[REDACTED]",
        "callbacks": undefined,
        "model": "gpt-4o-mini",
        "provider": "openai",
      },
      "type": "ReactChampionAgent",
    },
  ],
  "inputs": {
    "aboutMe": "My name is David Llaca. 
    JavaScript Developer for 5 years. 
    I worked for three years at Disney, 
    where I developed user interfaces for their primary landing pages
     using React, NextJS, and Redux. Before Disney, 
     I was a Junior Front-End Developer at American Airlines, 
     where I worked with Vue and Tailwind. 
     I earned a Bachelor of Science in Computer Science from FIU in 2018, 
     and I completed a JavaScript bootcamp that same year.",
  },
  "logLevel": "error",
  "name": "Resume Creation Team",
  "tasks": [
    {
      "agent": {
        "agentInstance": {
          "background": "Data Processor",
          "env": "[REDACTED]",
          "forceFinalAnswer": true,
          "goal": "Extract structured information from conversational user input.",
          "id": "[REDACTED]",
          "interactionsHistory": {
            "id": [
              "langchain",
              "stores",
              "message",
              "in_memory",
              "InMemoryChatMessageHistory",
            ],
            "lc": 1,
            "type": "not_implemented",
          },
          "llmConfig": {
            "apiKey": "[REDACTED]",
            "callbacks": undefined,
            "maxRetries": 1,
            "model": "gpt-4o-mini",
            "provider": "openai",
          },
          "llmInstance": {
            "id": [
              "langchain",
              "chat_models",
              "openai",
              "ChatOpenAI",
            ],
            "kwargs": {
              "callbacks": undefined,
              "max_retries": 1,
              "model": "gpt-4o-mini",
              "openai_api_key": {
                "id": [
                  "OPENAI_API_KEY",
                ],
                "lc": 1,
                "type": "secret",
              },
              "verbose": undefined,
            },
            "lc": 1,
            "type": "constructor",
          },
          "llmSystemMessage": null,
          "maxIterations": 10,
          "name": "Mary",
          "promptTemplates": {
            "FORCE_FINAL_ANSWER_FEEDBACK": [Function],
            "INITIAL_MESSAGE": [Function],
            "INVALID_JSON_FEEDBACK": [Function],
            "INVALID_OUTPUT_SCHEMA_FEEDBACK": [Function],
            "OBSERVATION_FEEDBACK": [Function],
            "SELF_QUESTION_FEEDBACK": [Function],
            "SYSTEM_MESSAGE": [Function],
            "THOUGHT_FEEDBACK": [Function],
            "THOUGHT_WITH_SELF_QUESTION_FEEDBACK": [Function],
            "TOOL_ERROR_FEEDBACK": [Function],
            "TOOL_NOT_EXIST_FEEDBACK": [Function],
            "TOOL_RESULT_FEEDBACK": [Function],
            "WEIRD_OUTPUT_FEEDBACK": [Function],
            "WORK_ON_FEEDBACK_FEEDBACK": [Function],
          },
          "role": "Profile Analyst",
          "status": "INITIAL",
          "store": [Function],
          "tools": [],
        },
        "env": "[REDACTED]",
        "id": "[REDACTED]",
        "llmConfig": {
          "apiKey": "[REDACTED]",
          "callbacks": undefined,
          "maxRetries": 1,
          "model": "gpt-4o-mini",
          "provider": "openai",
        },
        "type": "ReactChampionAgent",
      },
      "dependencies": [],
      "description": "Extract relevant details such as name, 
  experience, skills, and job history from the user's 'aboutMe' input. 
  aboutMe: {aboutMe}",
      "duration": "[REDACTED]",
      "endTime": "[REDACTED]",
      "expectedOutput": "Structured data ready to be used for a resume creation.",
      "externalValidationRequired": false,
      "feedbackHistory": [],
      "id": "[REDACTED]",
      "interpolatedTaskDescription": null,
      "isDeliverable": false,
      "outputSchema": null,
      "result": null,
      "startTime": "[REDACTED]",
      "stats": null,
      "status": "TODO",
      "store": [Function],
      "title": "",
    },
    {
      "agent": {
        "agentInstance": {
          "background": "Extensive experience in recruiting, 
    copywriting, and human resources, enabling 
    effective resume design that stands out to employers.",
          "env": "[REDACTED]",
          "forceFinalAnswer": true,
          "goal": "Craft compelling, well-structured resumes 
    that effectively showcase job seekers qualifications and achievements.",
          "id": "[REDACTED]",
          "interactionsHistory": {
            "id": [
              "langchain",
              "stores",
              "message",
              "in_memory",
              "InMemoryChatMessageHistory",
            ],
            "lc": 1,
            "type": "not_implemented",
          },
          "llmConfig": {
            "apiKey": "[REDACTED]",
            "callbacks": undefined,
            "model": "gpt-4o-mini",
            "provider": "openai",
          },
          "llmInstance": {
            "id": [
              "langchain",
              "chat_models",
              "openai",
              "ChatOpenAI",
            ],
            "kwargs": {
              "callbacks": undefined,
              "model": "gpt-4o-mini",
              "openai_api_key": {
                "id": [
                  "OPENAI_API_KEY",
                ],
                "lc": 1,
                "type": "secret",
              },
              "verbose": undefined,
            },
            "lc": 1,
            "type": "constructor",
          },
          "llmSystemMessage": null,
          "maxIterations": 10,
          "name": "Alex Mercer",
          "promptTemplates": {
            "FORCE_FINAL_ANSWER_FEEDBACK": [Function],
            "INITIAL_MESSAGE": [Function],
            "INVALID_JSON_FEEDBACK": [Function],
            "INVALID_OUTPUT_SCHEMA_FEEDBACK": [Function],
            "OBSERVATION_FEEDBACK": [Function],
            "SELF_QUESTION_FEEDBACK": [Function],
            "SYSTEM_MESSAGE": [Function],
            "THOUGHT_FEEDBACK": [Function],
            "THOUGHT_WITH_SELF_QUESTION_FEEDBACK": [Function],
            "TOOL_ERROR_FEEDBACK": [Function],
            "TOOL_NOT_EXIST_FEEDBACK": [Function],
            "TOOL_RESULT_FEEDBACK": [Function],
            "WEIRD_OUTPUT_FEEDBACK": [Function],
            "WORK_ON_FEEDBACK_FEEDBACK": [Function],
          },
          "role": "Resume Writer",
          "status": "INITIAL",
          "store": [Function],
          "tools": [],
        },
        "env": "[REDACTED]",
        "id": "[REDACTED]",
        "llmConfig": {
          "apiKey": "[REDACTED]",
          "callbacks": undefined,
          "model": "gpt-4o-mini",
          "provider": "openai",
        },
        "type": "ReactChampionAgent",
      },
      "dependencies": [],
      "description": "Utilize the structured data to create 
    a detailed and attractive resume. 
    Enrich the resume content by inferring additional details from the provided information.
    Include sections such as a personal summary, detailed work experience, skills, and educational background.",
      "duration": "[REDACTED]",
      "endTime": "[REDACTED]",
      "expectedOutput": "A professionally formatted resume in markdown format, 
    ready for submission to potential employers.",
      "externalValidationRequired": false,
      "feedbackHistory": [],
      "id": "[REDACTED]",
      "interpolatedTaskDescription": null,
      "isDeliverable": false,
      "outputSchema": null,
      "result": null,
      "startTime": "[REDACTED]",
      "stats": null,
      "status": "TODO",
      "store": [Function],
      "title": "",
    },
  ],
  "teamWorkflowStatus": "INITIAL",
  "workflowContext": "",
  "workflowLogs": [],
  "workflowResult": null,
}
`;
